// Jest Snapshot v1, https://goo.gl/fbAQLP

exports[`common / footer / FooterComponent should match snapshot 1`] = `
ShallowWrapper {
  "length": 1,
  Symbol(enzyme.__root__): [Circular],
  Symbol(enzyme.__unrendered__): <FooterComponent />,
  Symbol(enzyme.__renderer__): Object {
    "batchedUpdates": [Function],
    "getNode": [Function],
    "render": [Function],
    "simulateEvent": [Function],
    "unmount": [Function],
  },
  Symbol(enzyme.__node__): Object {
    "instance": null,
    "key": undefined,
    "nodeType": "host",
    "props": Object {
      "children": <p>
        Created by Kamil Bysiec from
         
        <a
          className="footer-link"
          href="https://agileplayers.com"
          rel="noopener noreferrer"
          target="_blank"
        >
          Agile Players
        </a>
      </p>,
      "className": "footer",
    },
    "ref": null,
    "rendered": Object {
      "instance": null,
      "key": undefined,
      "nodeType": "host",
      "props": Object {
        "children": Array [
          "Created by Kamil Bysiec from",
          " ",
          <a
            className="footer-link"
            href="https://agileplayers.com"
            rel="noopener noreferrer"
            target="_blank"
          >
            Agile Players
          </a>,
        ],
      },
      "ref": null,
      "rendered": Array [
        "Created by Kamil Bysiec from",
        " ",
        Object {
          "instance": null,
          "key": undefined,
          "nodeType": "host",
          "props": Object {
            "children": "Agile Players",
            "className": "footer-link",
            "href": "https://agileplayers.com",
            "rel": "noopener noreferrer",
            "target": "_blank",
          },
          "ref": null,
          "rendered": "Agile Players",
          "type": "a",
        },
      ],
      "type": "p",
    },
    "type": "div",
  },
  Symbol(enzyme.__nodes__): Array [
    Object {
      "instance": null,
      "key": undefined,
      "nodeType": "host",
      "props": Object {
        "children": <p>
          Created by Kamil Bysiec from
           
          <a
            className="footer-link"
            href="https://agileplayers.com"
            rel="noopener noreferrer"
            target="_blank"
          >
            Agile Players
          </a>
        </p>,
        "className": "footer",
      },
      "ref": null,
      "rendered": Object {
        "instance": null,
        "key": undefined,
        "nodeType": "host",
        "props": Object {
          "children": Array [
            "Created by Kamil Bysiec from",
            " ",
            <a
              className="footer-link"
              href="https://agileplayers.com"
              rel="noopener noreferrer"
              target="_blank"
            >
              Agile Players
            </a>,
          ],
        },
        "ref": null,
        "rendered": Array [
          "Created by Kamil Bysiec from",
          " ",
          Object {
            "instance": null,
            "key": undefined,
            "nodeType": "host",
            "props": Object {
              "children": "Agile Players",
              "className": "footer-link",
              "href": "https://agileplayers.com",
              "rel": "noopener noreferrer",
              "target": "_blank",
            },
            "ref": null,
            "rendered": "Agile Players",
            "type": "a",
          },
        ],
        "type": "p",
      },
      "type": "div",
    },
  ],
  Symbol(enzyme.__options__): Object {
    "adapter": ReactSixteenAdapter {
      "options": Object {
        "enableComponentDidUpdateOnSetState": true,
      },
    },
  },
}
`;
